// Jest Snapshot v1, https://goo.gl/fbAQLP

exports[`Pruebas en FirstApp.jsx Debe de hacer match con snapshot 1`] = `
<div>
  <h1
    data-testid="test-title"
  >
     
    Hola, soy un title por fuera del test
     
  </h1>
  <p>
    No hay subtitulo
  </p>
  <p>
    No hay subtitulo
  </p>
  <p>
    Leandro
  </p>
</div>
`;
